// Vitest Snapshot v1, https://vitest.dev/guide/snapshot.html

exports[`App > render > should render correctly 1`] = `"<h1>Kata TDD</h1>"`;
