// Vitest Snapshot v1, https://vitest.dev/guide/snapshot.html

exports[`ListeParametre > render > should render liste with data 1`] = `"<div data-testid=\\"liste-parametre__list-container\\"></div>"`;
